package user_service

import (
    "context"
    "github.com/medubin/gonzo/runtime/cookies"
    "github.com/medubin/gonzo/runtime/gerrors"
    "github.com/medubin/gonzo/runtime/handle"
    "github.com/medubin/gonzo/runtime/url"
    server "github.com/test/server"
)

// PATCH /users/{id}/profile
func (s *UserServiceImpl) PatchUserProfile(ctx context.Context, body *server.UserProfileUpdate, cookie cookies.Cookies, url url.URL[struct{}, server.PatchUserProfileUrl]) (*handle.Response[server.UserProfile], error) {
  return nil, gerrors.UnimplementedError("PatchUserProfile")
}
