package user_service

import (
    "context"
    "github.com/medubin/gonzo/runtime/cookies"
    "github.com/medubin/gonzo/runtime/gerrors"
    "github.com/medubin/gonzo/runtime/handle"
    "github.com/medubin/gonzo/runtime/url"
    server "github.com/test/server"
)

// OPTIONS /users/{id}
func (s *UserServiceImpl) UserOptions(ctx context.Context, body *struct{}, cookie cookies.Cookies, url url.URL[struct{}, server.UserOptionsUrl]) (*handle.Response[struct{}], error) {
  return nil, gerrors.UnimplementedError("UserOptions")
}
