package server

import (
    "context"
    "github.com/medubin/gonzo/runtime/cookies"
    "github.com/medubin/gonzo/runtime/gerrors"
    "github.com/medubin/gonzo/runtime/url"
)

// Endpoints can contain url parameters, which can be any primitive type or enum
// GET endpoints do not contain a body
// GET /users/{id}
func (s *UserServiceImpl) GetUser(ctx context.Context, body *struct{}, cookie cookies.Cookies, url url.URL[struct{}, GetUserUrl]) (*DetailedUser, error) {
  return nil, gerrors.UnimplementedError("GetUser")
}
